---
source: tests/render.rs
expression: normal
---
▾ dash (1)                                                             1 working
  ◐ working      2m    1.2  tmp          sonnet  Task







     ┌Send to %1 (running: cat)───────────────────────────────────────────┐
─────│#[fg=red] 東 京                                                       │─────
selec│Enter send | Esc cancel                                             │
     │                                                                    │
     └────────────────────────────────────────────────────────────────────┘









working 1  1 panes  grouped | NAV
