---
source: tests/render.rs
expression: rendered
---
▾ dash (1)                                                             1 working
  ◐ working      2m    1.2  tmp          sonnet  東 京 の 長 い タ イ ト ル abc

────────────────────────────────────────────────────────────────────────────────
select a pane to preview


working 1  1 panes  grouped | NAV
